desc: axslog
runners:
  req: https://dummy.example.com
steps:
- req:
    /:
      get:
        headers:
          User-Agent: mackerel-http-checker/0.0.1
        body: null
- req:
    /:
      get:
        body: null
- req:
    /api/v0/tsdb:
      post:
        headers:
          User-Agent: mackerel-agent/0.31.2 (Revision 775fad2)
        body: null
