>>>>>START CDP>>>>>
-----START CDP ACTION-----
name: navigate
args:
url: "https://pkg.go.dev/time"
-----END CDP ACTION-----
-----START CDP ACTION-----
name: click
args:
sel: "body > header > div.go-Header-inner > nav > div > ul > li:nth-child(2) > a"
-----END CDP ACTION-----
-----START CDP ACTION-----
name: waitVisible
args:
sel: "body > footer"
-----END CDP ACTION-----
-----START CDP ACTION-----
name: text
args:
sel: "h1"
-----END CDP ACTION-----
-----START CDP RESPONSE-----
name: text
response:
text: null
-----END CDP RESPONSE-----
<<<<<END CDP<<<<<
>>>>>START CDP>>>>>
-----START CDP ACTION-----
name: evaluate
args:
expr: "document.querySelector('h1').textContent = 'hello'\n"
-----END CDP ACTION-----
-----START CDP RESPONSE-----
name: evaluate
response:
res: null
-----END CDP RESPONSE-----
-----START CDP ACTION-----
name: text
args:
sel: "h1"
-----END CDP ACTION-----
-----START CDP RESPONSE-----
name: text
response:
text: "Install the latest version of Go"
-----END CDP RESPONSE-----
<<<<<END CDP<<<<<
