>>>>>START CDP>>>>>
-----START CDP ACTION-----
name: navigate
args:
url: "http://127.0.0.1:54022/form"
-----END CDP ACTION-----
-----START CDP ACTION-----
name: click
args:
sel: "body > header > a"
-----END CDP ACTION-----
-----START CDP ACTION-----
name: text
args:
sel: "h1"
-----END CDP ACTION-----
-----START CDP RESPONSE-----
name: text
response:
text: null
-----END CDP RESPONSE-----
<<<<<END CDP<<<<<
>>>>>START CDP>>>>>
-----START CDP ACTION-----
name: evaluate
args:
expr: "document.querySelector('h1').textContent = 'modified'\n\n"
-----END CDP ACTION-----
-----START CDP ACTION-----
name: text
args:
sel: "h1"
-----END CDP ACTION-----
-----START CDP RESPONSE-----
name: text
response:
text: "Hello"
-----END CDP RESPONSE-----
<<<<<END CDP<<<<<
