-----START COMMAND-----
echo hello world!!
-----END COMMAND-----
-----START STDOUT-----
hello world!!

-----END STDOUT-----
-----START STDERR-----

-----END STDERR-----
-----START COMMAND-----
cat
-----END COMMAND-----
-----START STDIN-----
hello world!!

-----END STDIN-----
-----START STDOUT-----
hello world!!

-----END STDOUT-----
-----START STDERR-----

-----END STDERR-----
-----START COMMAND-----
basename `echo $0`
-----END COMMAND-----
-----START STDOUT-----
bash

-----END STDOUT-----
-----START STDERR-----

-----END STDERR-----
-----START COMMAND-----
for i in {1..5}
do
  echo -e "$i second\telapsed\07$i"
  sleep 1
done
-----END COMMAND-----
-----START STDOUT-----
1 second	elapsed9
2 second	elapsed:
3 second	elapsed;
4 second	elapsed<
5 second	elapsed=

-----END STDOUT-----
-----START STDERR-----

-----END STDERR-----
-----START COMMAND-----
sleep 1000
-----END COMMAND-----
