-- -testdata-book-http_multipart.yml --
desc: Captured of http_multipart.yml run
labels:
- http
- openapi3
runners:
  req:
    endpoint: ${TEST_HTTP_END_POINT:-https:example.com}
    openapi3: ../openapi3.yml
steps:
- req:
    /upload:
      post:
        body:
          multipart/form-data:
            upload0: dummy.png
            upload1: dummy.jpg
            username: bob
  test: |
    current.res.status == 201
    && current.res.headers["Content-Length"][0] == "15"
    && current.res.headers["Content-Type"][0] == "text/html; charset=utf-8"
    && "Date" in current.res.headers
    && current.res.rawBody == "<h1>Posted</h1>"
- req:
    /upload:
      post:
        body:
          multipart/form-data:
            file:
            - dummy.png
            - dummy.jpg
            username: charlie
  test: |
    current.res.status == 201
    && current.res.headers["Content-Length"][0] == "15"
    && current.res.headers["Content-Type"][0] == "text/html; charset=utf-8"
    && "Date" in current.res.headers
    && current.res.rawBody == "<h1>Posted</h1>"
