-- -testdata-book-http.yml --
desc: Captured of http.yml run
runners:
  req: "[THIS IS HTTP RUNNER]"
steps:
- req:
    /users:
      post:
        body:
          application/json:
            password: passw0rd
            username: alice
- req:
    /help:
      post:
        body:
          application/x-www-form-urlencoded:
            content: help me
            name: bob
- req:
    /users/1:
      get:
        body:
          application/json: nil
- req:
    /private?token=xxxxx:
      get:
        body:
          application/json: nil
- req:
    /private:
      get:
        headers:
          Authorization: Bearer xxxxx
        body:
          application/json: nil
