Run "include" on "Include with secrets".steps[0]
-----START COMMAND-----
echo hello *****!!
-----END COMMAND-----
-----START STDOUT-----
hello *****!!

-----END STDOUT-----
-----START STDERR-----

-----END STDERR-----
-----START COMMAND-----
cat
-----END COMMAND-----
-----START STDIN-----
hello *****!!

-----END STDIN-----
-----START STDOUT-----
hello *****!!

-----END STDOUT-----
-----START STDERR-----

-----END STDERR-----
