Run 'Print "hello world!!"' on 'Exec test with desc'.steps[0]
-----START COMMAND-----
echo hello world!!
-----END COMMAND-----
-----START STDOUT-----
hello world!!

-----END STDOUT-----
-----START STDERR-----

-----END STDERR-----

Run 'Print "hello world!!" again' on 'Exec test with desc'.steps[1]
-----START COMMAND-----
cat
-----END COMMAND-----
-----START STDIN-----
hello world!!

-----END STDIN-----
-----START STDOUT-----
hello world!!

-----END STDOUT-----
-----START STDERR-----

-----END STDERR-----

Run 'Check result of previous command contains "hello"' on 'Exec test with desc'.steps[2]
Run 'test' on 'Exec test with desc'.steps[2]
