Run "Print \"hello world!!\"" on "Exec test with desc".steps[0]
-----START COMMAND-----
echo hello world!!
-----END COMMAND-----
>>>>>START EXEC STDOUT (echo hello world!!)>>>>>
hello world!!
<<<<<END EXEC STDOUT (echo hello world!!)<<<<<
>>>>>START EXEC STDERR (echo hello world!!)>>>>>
<<<<<END EXEC STDERR (echo hello world!!)<<<<<

Run "Print \"hello world!!\" again" on "Exec test with desc".steps[1]
-----START COMMAND-----
cat
-----END COMMAND-----
-----START STDIN-----
hello world!!

-----END STDIN-----
>>>>>START EXEC STDOUT (cat)>>>>>
hello world!!
<<<<<END EXEC STDOUT (cat)<<<<<
>>>>>START EXEC STDERR (cat)>>>>>
<<<<<END EXEC STDERR (cat)<<<<<

Run "Check result of previous command contains \"hello\"" on "Exec test with desc".steps[2]
Run "test" on "Exec test with desc".steps[2]
